============================= test session starts =============================
platform win32 -- Python 3.10.0, pytest-7.4.3, pluggy-1.6.0
rootdir: C:\Users\keeth\PycharmProjects\Kodiak
plugins: anyio-3.7.1, hypothesis-6.150.0, asyncio-0.21.1, cov-7.0.0, mock-3.12.0
asyncio: mode=strict
collected 31 items / 6 errors

=================================== ERRORS ====================================
_________ ERROR collecting tests/test_asset_discovery_persistence.py __________
ImportError while importing test module 'C:\Users\keeth\PycharmProjects\Kodiak\tests\test_asset_discovery_persistence.py'.
Hint: make sure your test modules/packages have valid Python names.
Traceback:
..\..\AppData\Local\Programs\Python\Python310\lib\importlib\__init__.py:126: in import_module
    return _bootstrap._gcd_import(name[level:], package, level)
tests\test_asset_discovery_persistence.py:14: in <module>
    from kodiak.database.models import Project, Node, ScanJob
kodiak\database\__init__.py:1: in <module>
    from .engine import get_session, init_db, engine
kodiak\database\engine.py:4: in <module>
    from sqlalchemy.ext.asyncio import AsyncSession, create_async_engine
E   ModuleNotFoundError: No module named 'sqlalchemy'
__________ ERROR collecting tests/test_database_model_consistency.py __________
ImportError while importing test module 'C:\Users\keeth\PycharmProjects\Kodiak\tests\test_database_model_consistency.py'.
Hint: make sure your test modules/packages have valid Python names.
Traceback:
..\..\AppData\Local\Programs\Python\Python310\lib\importlib\__init__.py:126: in import_module
    return _bootstrap._gcd_import(name[level:], package, level)
tests\test_database_model_consistency.py:13: in <module>
    from kodiak.database.models import Project, Node, ScanJob
kodiak\database\__init__.py:1: in <module>
    from .engine import get_session, init_db, engine
kodiak\database\engine.py:4: in <module>
    from sqlalchemy.ext.asyncio import AsyncSession, create_async_engine
E   ModuleNotFoundError: No module named 'sqlalchemy'
_____________ ERROR collecting tests/test_multi_agent_runtime.py ______________
ImportError while importing test module 'C:\Users\keeth\PycharmProjects\Kodiak\tests\test_multi_agent_runtime.py'.
Hint: make sure your test modules/packages have valid Python names.
Traceback:
..\..\AppData\Local\Programs\Python\Python310\lib\importlib\__init__.py:126: in import_module
    return _bootstrap._gcd_import(name[level:], package, level)
tests\test_multi_agent_runtime.py:8: in <module>
    from kodiak.core.scan_runner import ScanRunner
kodiak\core\scan_runner.py:14: in <module>
    from sqlalchemy.ext.asyncio import AsyncSession
E   ModuleNotFoundError: No module named 'sqlalchemy'
___________ ERROR collecting tests/test_mvp_runtime_regressions.py ____________
ImportError while importing test module 'C:\Users\keeth\PycharmProjects\Kodiak\tests\test_mvp_runtime_regressions.py'.
Hint: make sure your test modules/packages have valid Python names.
Traceback:
..\..\AppData\Local\Programs\Python\Python310\lib\importlib\__init__.py:126: in import_module
    return _bootstrap._gcd_import(name[level:], package, level)
tests\test_mvp_runtime_regressions.py:5: in <module>
    import kodiak.core.memory_central as memory_central_module
kodiak\core\memory_central.py:13: in <module>
    from kodiak.database.crud import attempt as attempt_crud
kodiak\database\__init__.py:1: in <module>
    from .engine import get_session, init_db, engine
kodiak\database\engine.py:4: in <module>
    from sqlalchemy.ext.asyncio import AsyncSession, create_async_engine
E   ModuleNotFoundError: No module named 'sqlalchemy'
______________ ERROR collecting tests/test_tool_availability.py _______________
ImportError while importing test module 'C:\Users\keeth\PycharmProjects\Kodiak\tests\test_tool_availability.py'.
Hint: make sure your test modules/packages have valid Python names.
Traceback:
..\..\AppData\Local\Programs\Python\Python310\lib\importlib\__init__.py:126: in import_module
    return _bootstrap._gcd_import(name[level:], package, level)
tests\test_tool_availability.py:7: in <module>
    from kodiak.core.agent import KodiakAgent
kodiak\core\agent.py:12: in <module>
    import litellm
E   ModuleNotFoundError: No module named 'litellm'
___________ ERROR collecting tests/test_tool_naming_consistency.py ____________
ImportError while importing test module 'C:\Users\keeth\PycharmProjects\Kodiak\tests\test_tool_naming_consistency.py'.
Hint: make sure your test modules/packages have valid Python names.
Traceback:
..\..\AppData\Local\Programs\Python\Python310\lib\importlib\__init__.py:126: in import_module
    return _bootstrap._gcd_import(name[level:], package, level)
tests\test_tool_naming_consistency.py:7: in <module>
    from kodiak.core.agent import KodiakAgent
kodiak\core\agent.py:12: in <module>
    import litellm
E   ModuleNotFoundError: No module named 'litellm'
=========================== short test summary info ===========================
ERROR tests/test_asset_discovery_persistence.py
ERROR tests/test_database_model_consistency.py
ERROR tests/test_multi_agent_runtime.py
ERROR tests/test_mvp_runtime_regressions.py
ERROR tests/test_tool_availability.py
ERROR tests/test_tool_naming_consistency.py
!!!!!!!!!!!!!!!!!!! Interrupted: 6 errors during collection !!!!!!!!!!!!!!!!!!!
============================== 6 errors in 1.07s ==============================
