
=================================== ERRORS ====================================
________________________ ERROR collecting test_app.py _________________________
.venv\Lib\site-packages\_pytest\python.py:498: in importtestmodule
    mod = import_path(
.venv\Lib\site-packages\_pytest\pathlib.py:587: in import_path
    importlib.import_module(module_name)
..\..\AppData\Roaming\uv\python\cpython-3.11.13-windows-x86_64-none\Lib\importlib\__init__.py:126: in import_module
    return _bootstrap._gcd_import(name[level:], package, level)
           ^^^^^^^^^^^^^^^^^^^^^^^^^^^^^^^^^^^^^^^^^^^^^^^^^^^^
<frozen importlib._bootstrap>:1204: in _gcd_import
    ???
<frozen importlib._bootstrap>:1176: in _find_and_load
    ???
<frozen importlib._bootstrap>:1147: in _find_and_load_unlocked
    ???
<frozen importlib._bootstrap>:690: in _load_unlocked
    ???
.venv\Lib\site-packages\_pytest\assertion\rewrite.py:177: in exec_module
    source_stat, co = _rewrite_test(fn, self.config)
                      ^^^^^^^^^^^^^^^^^^^^^^^^^^^^^^
.venv\Lib\site-packages\_pytest\assertion\rewrite.py:357: in _rewrite_test
    tree = ast.parse(source, filename=strfn)
           ^^^^^^^^^^^^^^^^^^^^^^^^^^^^^^^^^
..\..\AppData\Roaming\uv\python\cpython-3.11.13-windows-x86_64-none\Lib\ast.py:50: in parse
    return compile(source, filename, mode, flags,
E     File "C:\Users\keeth\PycharmProjects\Kodiak\test_app.py", line 1
E       import asyncio; from kodiak.tui.app import KodiakApp; async def test(): app = KodiakApp(); async with app.run_test() as pilot: print('App started successfully! No CSS errors.'); asyncio.run(test())
E                                                             ^^^^^
E   SyntaxError: invalid syntax
------------------------------- Captured stderr -------------------------------
2026-02-24 22:23:07.141 | INFO     | kodiak.api.events:__init__:46 - TUIEventManager initialized
=========================== short test summary info ===========================
ERROR test_app.py
!!!!!!!!!!!!!!!!!!! Interrupted: 1 error during collection !!!!!!!!!!!!!!!!!!!!
1 error in 1.87s
